2026-03-04 00:43:09,769 __main__:30 <module> [INFO]: data_path_2: /Volumes/ssd/HSID/HISUI/HSHL1G_N329E1299_20230523072720_20240308144532.tif
2026-03-04 00:43:09,770 __main__:31 <module> [WARNING]: hyper_cube: (1821, 1859, 185)
2026-03-04 00:44:42,274 __main__:29 <module> [DEBUG]: data_path_1: /Volumes/ssd/HSID/data_10.1016/PaviaU
2026-03-04 00:44:42,274 __main__:30 <module> [DEBUG]: data_path_2: /Volumes/ssd/HSID/HISUI/HSHL1G_N329E1299_20230523072720_20240308144532.tif
2026-03-04 00:44:42,274 __main__:31 <module> [INFO]: hyper_cube: (1821, 1859, 185)
2026-03-04 07:47:56,670 __main__:34 <module> [DEBUG]: PaviaU:((1821, 1859, 185), <class 'numpy.ndarray'>)
2026-03-04 07:47:56,671 __main__:35 <module> [DEBUG]: HISUI X:((610, 340, 103), <class 'numpy.ndarray'>)
2026-03-04 07:47:56,671 __main__:36 <module> [DEBUG]: HISUI Y:((610, 340), <class 'numpy.ndarray'>)
2026-03-04 07:53:49,228 __main__:34 <module> [DEBUG]: PaviaU:((1821, 1859, 185), <class 'numpy.ndarray'>)
2026-03-04 07:53:49,228 __main__:35 <module> [DEBUG]: HISUI X:((610, 340, 103), <class 'numpy.ndarray'>)
2026-03-04 07:53:49,228 __main__:36 <module> [DEBUG]: HISUI Y:((610, 340), <class 'numpy.ndarray'>)
2026-03-04 07:59:52,599 __main__:32 <module> [DEBUG]: PaviaU:((1821, 1859, 185), <class 'numpy.ndarray'>)
2026-03-04 07:59:52,599 __main__:33 <module> [DEBUG]: HISUI X:((610, 340, 103), <class 'numpy.ndarray'>)
2026-03-04 07:59:52,599 __main__:34 <module> [DEBUG]: HISUI Y:((610, 340), <class 'numpy.ndarray'>)
2026-03-04 08:03:30,996 __main__:32 <module> [DEBUG]: PaviaU:((1821, 1859, 185), <class 'numpy.ndarray'>)
2026-03-04 08:03:30,996 __main__:33 <module> [DEBUG]: HISUI X:((610, 340, 103), <class 'numpy.ndarray'>)
2026-03-04 08:03:30,996 __main__:34 <module> [DEBUG]: HISUI Y:((610, 340), <class 'numpy.ndarray'>)
2026-03-04 08:11:26,422 __main__:214 <module> [DEBUG]: PaviaU:((1821, 1859, 185), <class 'numpy.ndarray'>)
2026-03-04 08:11:26,422 __main__:215 <module> [DEBUG]: HISUI X:((610, 340, 103), <class 'numpy.ndarray'>)
2026-03-04 08:11:26,422 __main__:216 <module> [DEBUG]: HISUI Y:((610, 340), <class 'numpy.ndarray'>)
2026-03-04 08:11:27,658 __main__:133 mathworks_pca [DEBUG]: PCA fit uses subsampling: 500000/3385239 pixels
2026-03-04 08:11:37,515 __main__:185 mathworks_pca [DEBUG]: PCA done: cube(H,W,B)=(1821,1859,185) -> pca_cube(H,W,K)=(1821,1859,10)
2026-03-04 08:11:37,515 __main__:186 mathworks_pca [DEBUG]: coeff shape: (185, 10), var shape: (10,)
2026-03-04 08:15:30,614 __main__:214 <module> [DEBUG]: PaviaU:((1821, 1859, 185), <class 'numpy.ndarray'>)
2026-03-04 08:15:30,614 __main__:215 <module> [DEBUG]: HISUI X:((610, 340, 103), <class 'numpy.ndarray'>)
2026-03-04 08:15:30,614 __main__:216 <module> [DEBUG]: HISUI Y:((610, 340), <class 'numpy.ndarray'>)
2026-03-04 08:15:31,497 __main__:133 mathworks_pca [DEBUG]: PCA fit uses subsampling: 500000/3385239 pixels
2026-03-04 08:15:38,843 __main__:185 mathworks_pca [DEBUG]: PCA done: cube(H,W,B)=(1821,1859,185) -> pca_cube(H,W,K)=(1821,1859,10)
2026-03-04 08:15:38,843 __main__:186 mathworks_pca [DEBUG]: coeff shape: (185, 10), var shape: (10,)
2026-03-04 08:20:02,707 __main__:32 <module> [DEBUG]: PaviaU:((1821, 1859, 185), <class 'numpy.ndarray'>)
2026-03-04 08:20:02,707 __main__:33 <module> [DEBUG]: HISUI X:((610, 340, 103), <class 'numpy.ndarray'>)
2026-03-04 08:20:02,707 __main__:34 <module> [DEBUG]: HISUI Y:((610, 340), <class 'numpy.ndarray'>)
2026-03-04 08:20:10,127 __main__:214 <module> [DEBUG]: PaviaU:((610, 340, 103), <class 'numpy.ndarray'>)
2026-03-04 08:20:10,127 __main__:215 <module> [DEBUG]: PaviaU:((610, 340), <class 'numpy.ndarray'>)
2026-03-04 08:20:28,846 __main__:214 <module> [DEBUG]: PaviaU:((610, 340, 103), <class 'numpy.ndarray'>)
2026-03-04 08:20:28,846 __main__:215 <module> [DEBUG]: PaviaU:((610, 340), <class 'numpy.ndarray'>)
2026-03-04 08:20:28,846 __main__:216 <module> [DEBUG]: HISUI X:((1821, 1859, 185), <class 'numpy.ndarray'>)
2026-03-04 08:20:28,868 __main__:137 mathworks_pca [DEBUG]: PCA fit uses all pixels: 207400
2026-03-04 08:20:29,848 __main__:185 mathworks_pca [DEBUG]: PCA done: cube(H,W,B)=(610,340,103) -> pca_cube(H,W,K)=(610,340,10)
2026-03-04 08:20:29,848 __main__:186 mathworks_pca [DEBUG]: coeff shape: (103, 10), var shape: (10,)
2026-03-04 08:38:20,660 __main__:223 <module> [DEBUG]: PaviaU:((610, 340, 103), <class 'numpy.ndarray'>)
2026-03-04 08:38:20,661 __main__:224 <module> [DEBUG]: PaviaU:((610, 340), <class 'numpy.ndarray'>)
2026-03-04 08:38:20,661 __main__:225 <module> [DEBUG]: HISUI X:((1821, 1859, 185), <class 'numpy.ndarray'>)
2026-03-04 08:38:20,688 __main__:137 mathworks_pca [DEBUG]: PCA fit uses all pixels: 207400
2026-03-04 08:38:21,789 __main__:194 mathworks_pca [DEBUG]: PCA done: cube(H,W,B)=(610,340,103) -> pca_cube(H,W,K)=(610,340,10)
2026-03-04 08:38:21,789 __main__:195 mathworks_pca [DEBUG]: coeff shape: (103, 10), var shape: (10,)
2026-03-04 08:40:36,558 __main__:223 <module> [DEBUG]: PaviaU:((610, 340, 103), <class 'numpy.ndarray'>)
2026-03-04 08:40:36,558 __main__:224 <module> [DEBUG]: PaviaU:((610, 340), <class 'numpy.ndarray'>)
2026-03-04 08:40:36,558 __main__:225 <module> [DEBUG]: HISUI X:((1821, 1859, 185), <class 'numpy.ndarray'>)
2026-03-04 08:40:36,582 __main__:137 mathworks_pca [DEBUG]: PCA fit uses all pixels: 207400
2026-03-04 08:40:37,959 __main__:194 mathworks_pca [DEBUG]: PCA done: cube(H,W,B)=(610,340,103) -> pca_cube(H,W,K)=(610,340,10)
2026-03-04 08:40:37,960 __main__:195 mathworks_pca [DEBUG]: coeff shape: (103, 10), var shape: (10,)
2026-03-04 08:43:15,356 __main__:223 <module> [DEBUG]: PaviaU:((610, 340, 103), <class 'numpy.ndarray'>)
2026-03-04 08:43:15,356 __main__:224 <module> [DEBUG]: PaviaU:((610, 340), <class 'numpy.ndarray'>)
2026-03-04 08:43:15,356 __main__:225 <module> [DEBUG]: HISUI X:((1821, 1859, 185), <class 'numpy.ndarray'>)
2026-03-04 08:43:16,397 __main__:133 mathworks_pca [DEBUG]: PCA fit uses subsampling: 500000/3385239 pixels
2026-03-04 08:43:25,599 __main__:194 mathworks_pca [DEBUG]: PCA done: cube(H,W,B)=(1821,1859,185) -> pca_cube(H,W,K)=(1821,1859,10)
2026-03-04 08:43:25,599 __main__:195 mathworks_pca [DEBUG]: coeff shape: (185, 10), var shape: (10,)
2026-03-04 08:44:45,848 __main__:223 <module> [DEBUG]: PaviaU:((610, 340, 103), <class 'numpy.ndarray'>)
2026-03-04 08:44:45,848 __main__:224 <module> [DEBUG]: PaviaU:((610, 340), <class 'numpy.ndarray'>)
2026-03-04 08:44:45,848 __main__:225 <module> [DEBUG]: HISUI X:((1821, 1859, 185), <class 'numpy.ndarray'>)
2026-03-04 08:44:46,519 __main__:133 mathworks_pca [DEBUG]: PCA fit uses subsampling: 500000/3385239 pixels
2026-03-04 08:44:53,711 __main__:194 mathworks_pca [DEBUG]: PCA done: cube(H,W,B)=(1821,1859,185) -> pca_cube(H,W,K)=(1821,1859,10)
2026-03-04 08:44:53,711 __main__:195 mathworks_pca [DEBUG]: coeff shape: (185, 10), var shape: (10,)
2026-03-04 09:31:35,745 __main__:297 <module> [DEBUG]: PaviaU:((610, 340, 103), <class 'numpy.ndarray'>)
2026-03-04 09:31:35,746 __main__:298 <module> [DEBUG]: PaviaU:((610, 340), <class 'numpy.ndarray'>)
2026-03-04 09:31:35,746 __main__:299 <module> [DEBUG]: HISUI X:((1821, 1859, 185), <class 'numpy.ndarray'>)
2026-03-04 09:31:35,776 __main__:144 mathworks_pca [DEBUG]: PCA fit uses all pixels: 207400
2026-03-04 09:31:36,943 __main__:200 mathworks_pca [DEBUG]: PCA done: cube(H,W,B)=(610,340,103) -> pca_cube(H,W,K)=(610,340,10)
2026-03-04 09:31:36,944 __main__:201 mathworks_pca [DEBUG]: coeff shape: (103, 10), var shape: (10,)
2026-03-04 09:35:16,284 __main__:297 <module> [DEBUG]: PaviaU:((610, 340, 103), <class 'numpy.ndarray'>)
2026-03-04 09:35:16,285 __main__:298 <module> [DEBUG]: PaviaU:((610, 340), <class 'numpy.ndarray'>)
2026-03-04 09:35:16,285 __main__:299 <module> [DEBUG]: HISUI X:((1821, 1859, 185), <class 'numpy.ndarray'>)
2026-03-04 09:35:16,310 __main__:144 mathworks_pca [DEBUG]: PCA fit uses all pixels: 207400
2026-03-04 09:35:17,385 __main__:200 mathworks_pca [DEBUG]: PCA done: cube(H,W,B)=(610,340,103) -> pca_cube(H,W,K)=(610,340,10)
2026-03-04 09:35:17,385 __main__:201 mathworks_pca [DEBUG]: coeff shape: (103, 10), var shape: (10,)
2026-03-04 09:37:22,569 __main__:297 <module> [DEBUG]: PaviaU:((610, 340, 103), <class 'numpy.ndarray'>)
2026-03-04 09:37:22,569 __main__:298 <module> [DEBUG]: PaviaU:((610, 340), <class 'numpy.ndarray'>)
2026-03-04 09:37:22,569 __main__:299 <module> [DEBUG]: HISUI X:((1821, 1859, 185), <class 'numpy.ndarray'>)
2026-03-04 09:37:22,593 __main__:144 mathworks_pca [DEBUG]: PCA fit uses all pixels: 207400
2026-03-04 09:37:23,652 __main__:200 mathworks_pca [DEBUG]: PCA done: cube(H,W,B)=(610,340,103) -> pca_cube(H,W,K)=(610,340,10)
2026-03-04 09:37:23,652 __main__:201 mathworks_pca [DEBUG]: coeff shape: (103, 10), var shape: (10,)
